
> festico@0.1.0 build
> next build

Ôû▓ Next.js 16.2.7 (Turbopack)

  Creating an optimized production build ...
node.exe : 
Au caractère Ligne:1 : 1
+ & "C:\Program 
Files\nodejs/node.exe" 
"C:\Program 
Files\nodejs/node_mo ...
+ ~~~~~~~~~~~~~~~~~~~~~~~~~~~
~~~~~~~~~~~~~~~~~~~~~~~~~~~~~
~~~~~~~~~~~~~
    + CategoryInfo           
   : NotSpecified: (:String  
  ) [], RemoteException
    + FullyQualifiedErrorId  
   : NativeCommandError
 
> Build error occurred
Error: Turbopack build 
failed with 1 errors:
./src/app/page.js:8:8
Expected ',', got 'ident'
  [90m 6 |[0m   
[33mESSENCE_ITEMS[0m, 
[33mBIENFAITS[0m, [33mARGU
MENTS_PARTENARIATS[0m, 
[33mPARTENAIRES[0m,
  [90m 7 |[0m   
[33mEQUIPE[0m, 
[33mCONTACTS[0m, 
[33mEDITION_INFO[0m, 
[33mACTIVITES[0m,
[31m[1m>[0m [90m 8 |[0m 
  [36mtype[0m 
[33mTabId[0m
  [90m   |[0m        
[31m[1m^^^^^[0m
  [90m 9 |[0m } 
[36mfrom[0m [32m'@/data/fe
sticoData'[0m;
  [90m10 |[0m
  [90m11 |[0m [90m// =====
=============================
==========================[0
m

Parsing ecmascript source 
code failed


    at <unknown> 
(./src/app/page.js:8:8)
